// Jest Snapshot v1, https://goo.gl/fbAQLP

exports[`Profile snapshot 1`] = `
<div
  className="Profile"
>
  <div
    className="Home"
    style={
      Object {
        "backendPosition": "center center",
        "backgroundImage": "url('/grad.jpg')",
        "backgroundRepeat": "no-repeat",
        "backgroundSize": "cover",
      }
    }
  >
    <div>
      <div
        style={
          Object {
            "margin": "auto",
            "position": "relative",
            "width": "256px",
          }
        }
      >
        <img
          alt="Loading..."
          src="/portrait.png"
          style={
            Object {
              "borderRadius": "50%",
              "height": "256px",
              "marginTop": "30px",
              "objectFit": "cover",
              "width": "256px",
            }
          }
        />
        <input
          onChange={[Function]}
          style={
            Object {
              "display": "none",
            }
          }
          type="file"
        />
        <button
          className="MuiButtonBase-root-27 MuiButton-root-1 MuiButton-fab-18 MuiButton-mini-23 MuiButton-contained-12 MuiButton-raised-15"
          disabled={false}
          onBlur={[Function]}
          onClick={[Function]}
          onFocus={[Function]}
          onKeyDown={[Function]}
          onKeyUp={[Function]}
          onMouseDown={[Function]}
          onMouseLeave={[Function]}
          onMouseUp={[Function]}
          onTouchEnd={[Function]}
          onTouchMove={[Function]}
          onTouchStart={[Function]}
          style={
            Object {
              "backgroundColor": "#04B486",
              "color": "white",
              "margin": 0,
              "position": "absolute",
              "right": "32px",
              "top": "240px",
            }
          }
          tabIndex="0"
          type="button"
        >
          <span
            className="MuiButton-label-2"
          >
            <svg
              aria-hidden="true"
              className="MuiSvgIcon-root-30"
              focusable="false"
              role="presentation"
              viewBox="0 0 24 24"
            >
              <path
                d="M3 17.25V21h3.75L17.81 9.94l-3.75-3.75L3 17.25zM20.71 7.04c.39-.39.39-1.02 0-1.41l-2.34-2.34a.9959.9959 0 0 0-1.41 0l-1.83 1.83 3.75 3.75 1.83-1.83z"
              />
              <path
                d="M0 0h24v24H0z"
                fill="none"
              />
            </svg>
          </span>
          <span
            className="MuiTouchRipple-root-138"
          />
        </button>
      </div>
      <div
        className="Login"
      />
    </div>
    <span
      style={
        Object {
          "color": "#D8D8D8",
          "fontFamily": "Avenir",
          "fontSize": "40px",
          "margin": "10px",
        }
      }
    >
      <span
        onClick={[Function]}
      >
        
         
      </span>
      <span
        onClick={[Function]}
      >
        
         
      </span>
      <svg
        aria-hidden="true"
        className="MuiSvgIcon-root-30"
        focusable="false"
        onClick={[Function]}
        role="presentation"
        viewBox="0 0 24 24"
      >
        <path
          d="M3 17.25V21h3.75L17.81 9.94l-3.75-3.75L3 17.25zM20.71 7.04c.39-.39.39-1.02 0-1.41l-2.34-2.34a.9959.9959 0 0 0-1.41 0l-1.83 1.83 3.75 3.75 1.83-1.83z"
        />
        <path
          d="M0 0h24v24H0z"
          fill="none"
        />
      </svg>
    </span>
  </div>
  <div
    className="Position"
  >
    <h3
      style={
        Object {
          "fontFamily": "Avenir",
          "margin": "10px 30px",
          "textAlign": "left",
        }
      }
    >
      position
    </h3>
    <hr />
    <div
      style={
        Object {
          "fontFamily": "Avenir",
          "margin": "10px 30px",
          "marginBottom": "40px",
          "textAlign": "left",
        }
      }
    >
      <button
        className="MuiButtonBase-root-27 MuiButtonBase-disabled-28 MuiButton-root-1 MuiButton-contained-12 MuiButton-containedPrimary-13 MuiButton-raised-15 MuiButton-raisedPrimary-16 MuiButton-disabled-21"
        disabled={true}
        onBlur={[Function]}
        onClick={[Function]}
        onFocus={[Function]}
        onKeyDown={[Function]}
        onKeyUp={[Function]}
        onMouseDown={[Function]}
        onMouseLeave={[Function]}
        onMouseUp={[Function]}
        onTouchEnd={[Function]}
        onTouchMove={[Function]}
        onTouchStart={[Function]}
        style={
          Object {
            "backgroundColor": "#04B486",
            "color": "white",
            "marginBottom": "10px",
            "marginRight": "10px",
            "textTransform": "none",
          }
        }
        tabIndex="-1"
        type="button"
      >
        <span
          className="MuiButton-label-2"
        >
          
        </span>
      </button>
      <button
        className="MuiButtonBase-root-27 MuiButton-root-1 MuiButton-fab-18 MuiButton-mini-23 MuiButton-contained-12 MuiButton-raised-15"
        disabled={false}
        onBlur={[Function]}
        onClick={[Function]}
        onFocus={[Function]}
        onKeyDown={[Function]}
        onKeyUp={[Function]}
        onMouseDown={[Function]}
        onMouseLeave={[Function]}
        onMouseUp={[Function]}
        onTouchEnd={[Function]}
        onTouchMove={[Function]}
        onTouchStart={[Function]}
        style={
          Object {
            "backgroundColor": "#04B486",
            "color": "white",
            "marginBottom": "10px",
            "marginRight": "10px",
            "textTransform": "none",
          }
        }
        tabIndex="0"
        type="button"
      >
        <span
          className="MuiButton-label-2"
        >
          <svg
            aria-hidden="true"
            className="MuiSvgIcon-root-30"
            focusable="false"
            role="presentation"
            viewBox="0 0 24 24"
          >
            <path
              d="M3 17.25V21h3.75L17.81 9.94l-3.75-3.75L3 17.25zM20.71 7.04c.39-.39.39-1.02 0-1.41l-2.34-2.34a.9959.9959 0 0 0-1.41 0l-1.83 1.83 3.75 3.75 1.83-1.83z"
            />
            <path
              d="M0 0h24v24H0z"
              fill="none"
            />
          </svg>
        </span>
        <span
          className="MuiTouchRipple-root-138"
        />
      </button>
    </div>
    <div>
      <div
        className=""
      />
    </div>
  </div>
  <div
    className="Project"
  >
    <h3
      style={
        Object {
          "fontFamily": "Avenir",
          "margin": "10px 30px",
          "textAlign": "left",
        }
      }
    >
      projects
    </h3>
    <hr />
    <div
      style={
        Object {
          "fontFamily": "Avenir",
          "margin": "10px 30px",
          "marginBottom": "40px",
          "textAlign": "left",
        }
      }
    >
      <button
        className="MuiButtonBase-root-27 MuiButton-root-1 MuiButton-fab-18 MuiButton-mini-23 MuiButton-contained-12 MuiButton-raised-15"
        disabled={false}
        onBlur={[Function]}
        onClick={[Function]}
        onFocus={[Function]}
        onKeyDown={[Function]}
        onKeyUp={[Function]}
        onMouseDown={[Function]}
        onMouseLeave={[Function]}
        onMouseUp={[Function]}
        onTouchEnd={[Function]}
        onTouchMove={[Function]}
        onTouchStart={[Function]}
        style={
          Object {
            "backgroundColor": "#04B486",
            "color": "white",
            "marginBottom": "10px",
            "marginRight": "10px",
            "textTransform": "none",
          }
        }
        tabIndex="0"
        type="button"
      >
        <span
          className="MuiButton-label-2"
        >
          <svg
            aria-hidden="true"
            className="MuiSvgIcon-root-30"
            focusable="false"
            role="presentation"
            viewBox="0 0 24 24"
          >
            <path
              d="M3 17.25V21h3.75L17.81 9.94l-3.75-3.75L3 17.25zM20.71 7.04c.39-.39.39-1.02 0-1.41l-2.34-2.34a.9959.9959 0 0 0-1.41 0l-1.83 1.83 3.75 3.75 1.83-1.83z"
            />
            <path
              d="M0 0h24v24H0z"
              fill="none"
            />
          </svg>
        </span>
        <span
          className="MuiTouchRipple-root-138"
        />
      </button>
      <div>
        <div
          className=""
        />
      </div>
    </div>
  </div>
  <div
    className="Others"
  >
    <h3
      style={
        Object {
          "fontFamily": "Avenir",
          "margin": "10px 30px",
          "textAlign": "left",
        }
      }
    >
      tags
    </h3>
    <hr />
    <div
      style={
        Object {
          "fontFamily": "Avenir",
          "margin": "10px 30px",
          "marginBottom": "40px",
          "textAlign": "left",
        }
      }
    >
      <button
        className="MuiButtonBase-root-27 MuiButton-root-1 MuiButton-fab-18 MuiButton-mini-23 MuiButton-contained-12 MuiButton-raised-15"
        disabled={false}
        onBlur={[Function]}
        onClick={[Function]}
        onFocus={[Function]}
        onKeyDown={[Function]}
        onKeyUp={[Function]}
        onMouseDown={[Function]}
        onMouseLeave={[Function]}
        onMouseUp={[Function]}
        onTouchEnd={[Function]}
        onTouchMove={[Function]}
        onTouchStart={[Function]}
        style={
          Object {
            "backgroundColor": "#04B486",
            "color": "white",
            "marginBottom": "10px",
            "marginRight": "10px",
            "textTransform": "none",
          }
        }
        tabIndex="0"
        type="button"
      >
        <span
          className="MuiButton-label-2"
        >
          <svg
            aria-hidden="true"
            className="MuiSvgIcon-root-30"
            focusable="false"
            role="presentation"
            viewBox="0 0 24 24"
          >
            <path
              d="M19 13h-6v6h-2v-6H5v-2h6V5h2v6h6v2z"
            />
            <path
              d="M0 0h24v24H0z"
              fill="none"
            />
          </svg>
        </span>
        <span
          className="MuiTouchRipple-root-138"
        />
      </button>
      <div>
        <div
          className=""
        />
      </div>
    </div>
  </div>
</div>
`;
