// Jest Snapshot v1, https://goo.gl/fbAQLP

exports[`Login snapshot 1`] = `
<div
  className="Login"
>
  <div
    style={
      Object {
        "padding-bottom": "100px",
        "padding-top": "80px",
        "position": "relative",
        "text-align": "center",
        "width": "100%",
      }
    }
  >
    <div
      style={
        Object {
          "padding-top": "30px",
          "text-align": "center",
        }
      }
    >
      <img
        alt="loading the way image..."
        src="./way.png"
        style={
          Object {
            "height": 128,
            "vertical-align": "middle",
            "width": 256,
          }
        }
      />
      <h2>
        AI TOKYO LAB & Co.
      </h2>
    </div>
  </div>
  <div>
    <button
      className="github"
      onClick={[Function]}
      style={
        Object {
          "background-color": "white",
          "border": "none",
          "cursor": "pointer",
          "padding": 0,
          "transition": "all .3s",
        }
      }
    >
      <img
        className="github"
        src="./github.svg"
        style={
          Object {
            "border-radius": "50%",
            "height": "80px",
            "padding": 0,
            "transition": "all .3s",
            "width": "80px",
          }
        }
      />
      <h3>
        LOGIN
      </h3>
    </button>
  </div>
</div>
`;

exports[`Login test 1`] = `
<div
  className="Login"
>
  <div
    style={
      Object {
        "padding-bottom": "100px",
        "padding-top": "80px",
        "position": "relative",
        "text-align": "center",
        "width": "100%",
      }
    }
  >
    <div
      style={
        Object {
          "padding-top": "30px",
          "text-align": "center",
        }
      }
    >
      <img
        alt="loading the way image..."
        src="./way.png"
        style={
          Object {
            "height": 128,
            "vertical-align": "middle",
            "width": 256,
          }
        }
      />
      <h2>
        AI TOKYO LAB & Co.
      </h2>
    </div>
  </div>
  <div>
    <button
      className="github"
      onClick={[Function]}
      style={
        Object {
          "background-color": "white",
          "border": "none",
          "cursor": "pointer",
          "padding": 0,
          "transition": "all .3s",
        }
      }
    >
      <img
        className="github"
        src="./github.svg"
        style={
          Object {
            "border-radius": "50%",
            "height": "80px",
            "padding": 0,
            "transition": "all .3s",
            "width": "80px",
          }
        }
      />
      <h3>
        LOGIN
      </h3>
    </button>
  </div>
</div>
`;
