// Jest Snapshot v1, https://goo.gl/fbAQLP

exports[`App snapshot 1`] = `
<div
  className="App"
>
  <h2>
    Now Loading ...
  </h2>
</div>
`;
